// Jest Snapshot v1, https://goo.gl/fbAQLP

exports[`should handle imports 1`] = `
"import type { GeneratorOptions } from \\"@babel/generator\\";
import traverse, { Visitor, NodePath } from \\"@babel/traverse\\";
import template from \\"@babel/template\\";
import * as t from \\"@babel/types\\";
import v, * as d from \\"typescript\\";
"
`;
