// Jest Snapshot v1, https://goo.gl/fbAQLP

exports[`should handle utility types 1`] = `
"import { Node } from \\"react\\";
import * as React from \\"react\\";
declare function s(node: Node): void;
declare function s(node: React.ReactNode): void;
"
`;
